*** Using Compiler 'V6.18', folder: 'D:\keil5_32\Core\ARM\ARMCLANG\Bin'
Rebuild target 'MSPM0G3519_Project'
../hard/motor.c(223): warning: implicit declaration of function 'PID_Init' is invalid in C99 [-Wimplicit-function-declaration]
    PID_Init(&g_speed_left.pid,  0.5f, 0.3f, 0.0f,  (float)PWM_MAX);
    ^
1 warning generated.
compiling motor.c...
compiling empty.c...
compiling oled.c...
compiling ti_msp_dl_config.c...
compiling track_gpio.c...
compiling board.c...
compiling track.c...
../hard/pca9685.c(54): warning: implicit declaration of function 'delay_ms' is invalid in C99 [-Wimplicit-function-declaration]
    delay_ms(5);
    ^
../hard/pca9685.c(153): warning: implicit declaration of function 'delay_ms' is invalid in C99 [-Wimplicit-function-declaration]
    delay_ms(10);
    ^
2 warnings generated.
compiling pca9685.c...
compiling dl_vref.c...
compiling soft_i2c_track.c...
compiling soft_i2c_simple.c...
compiling dl_trng.c...
assembling startup_mspm0g351x_uvision.s...
compiling dl_uart.c...
compiling encoder.c...
compiling dl_timer.c...
compiling dl_spi.c...
compiling dl_rtc_common.c...
compiling dl_mcan.c...
compiling dl_lfss.c...
compiling st7735_tft.c...
compiling dl_mathacl.c...
compiling dl_lcd.c...
compiling dl_i2c.c...
compiling dl_keystorectl.c...
compiling dl_factoryregion.c...
compiling dl_dma.c...
compiling dl_crcp.c...
compiling dl_aes.c...
compiling dl_opa.c...
compiling dl_adc12.c...
compiling dl_crc.c...
compiling dl_sysctl_mspm0gx51x.c...
compiling dl_flashctl.c...
compiling dl_dac12.c...
compiling dl_common.c...
compiling dl_aesadv.c...
linking...
Program Size: Code=39564 RO-data=1900 RW-data=128 ZI-data=976  
FromELF: creating hex file...
".\Objects\empty_LP_MSPM0G3519_nortos_keil.axf" - 0 Error(s), 3 Warning(s).
Build Time Elapsed:  00:00:07
