<html>
<body>
<pre>
<h1>礦ision Build Log</h1>
<h2>Tool Versions:</h2>
IDE-Version: μVision V5.37.0.0
Copyright (C) 2022 ARM Ltd and ARM Germany GmbH. All rights reserved.
License Information: 12 Admin, 1, LIC=V85FJ-U3A6A-MS1YP-MZ4ZU-MV3Y5-701TV
 
Tool Versions:
Toolchain:       MDK-ARM Professional  Version: 5.37.0.0
Toolchain Path:  D:\keil5_32\Core\ARM\ARMCLANG\Bin
C Compiler:      ArmClang.exe V6.18
Assembler:       Armasm.exe V6.18
Linker/Locator:  ArmLink.exe V6.18
Library Manager: ArmAr.exe V6.18
Hex Converter:   FromElf.exe V6.18
CPU DLL:         SARMCM3.DLL V5.37.0.0
Dialog DLL:      DARMCM1.DLL V1.19.6.0
Target DLL:      CMSIS_AGDI.dll V1.33.12.0
Dialog DLL:      TARMCM1.DLL V1.14.6.0
 
<h2>Project:</h2>
D:\!ziv\Nova\26省赛相关准备\MSPM0G3519_Project_v1\keil\empty_LP_MSPM0G3519_nortos_keil.uvprojx
Project File Date:  07/26/2026

<h2>Output:</h2>
*** Using Compiler 'V6.18', folder: 'D:\keil5_32\Core\ARM\ARMCLANG\Bin'
Build target 'MSPM0G3519_Project'
compiling empty.c...
compiling dl_vref.c...
compiling encoder.c...
compiling board.c...
compiling soft_i2c_simple.c...
assembling startup_mspm0g351x_uvision.s...
compiling track.c...
compiling ti_msp_dl_config.c...
compiling dl_uart.c...
compiling track_gpio.c...
../hard/pca9685.c(54): warning: implicit declaration of function 'delay_ms' is invalid in C99 [-Wimplicit-function-declaration]
    delay_ms(5);
    ^
../hard/pca9685.c(153): warning: implicit declaration of function 'delay_ms' is invalid in C99 [-Wimplicit-function-declaration]
    delay_ms(10);
    ^
2 warnings generated.
compiling pca9685.c...
../hard/motor.c(223): warning: implicit declaration of function 'PID_Init' is invalid in C99 [-Wimplicit-function-declaration]
    PID_Init(&g_speed_left.pid,  0.5f, 0.3f, 0.0f,  (float)PWM_MAX);
    ^
1 warning generated.
compiling motor.c...
compiling dl_trng.c...
compiling dl_timer.c...
compiling soft_i2c_track.c...
compiling oled.c...
compiling dl_spi.c...
compiling dl_rtc_common.c...
compiling dl_opa.c...
compiling dl_lfss.c...
compiling dl_mathacl.c...
compiling st7735_tft.c...
compiling dl_mcan.c...
compiling dl_lcd.c...
compiling dl_keystorectl.c...
compiling dl_i2c.c...
compiling dl_dac12.c...
compiling dl_flashctl.c...
compiling dl_sysctl_mspm0gx51x.c...
compiling dl_crc.c...
compiling dl_dma.c...
compiling dl_crcp.c...
compiling dl_factoryregion.c...
compiling dl_common.c...
compiling dl_aes.c...
compiling dl_adc12.c...
compiling dl_aesadv.c...
linking...
Program Size: Code=39236 RO-data=380 RW-data=124 ZI-data=980  
FromELF: creating hex file...
".\Objects\empty_LP_MSPM0G3519_nortos_keil.axf" - 0 Error(s), 3 Warning(s).

<h2>Software Packages used:</h2>

Package Vendor: TexasInstruments
                https://software-dl.ti.com/msp430/esd/MSPM0-CMSIS/MSPM0GX51X/latest/exports/TexasInstruments.MSPM0GX51X_DFP.1.0.0.pack
                TexasInstruments.MSPM0GX51X_DFP.1.0.0
                Device Family Pack for Texas Instruments MSPM0GX51X Series

<h2>Collection of Component include folders:</h2>

<h2>Collection of Component Files used:</h2>
Build Time Elapsed:  00:00:05
</pre>
</body>
</html>
