<html>
<body>
<pre>
<h1>礦ision Build Log</h1>
<h2>Tool Versions:</h2>
IDE-Version: μVision V5.37.0.0
Copyright (C) 2022 ARM Ltd and ARM Germany GmbH. All rights reserved.
License Information: 12 Admin, 1, LIC=V85FJ-U3A6A-MS1YP-MZ4ZU-MV3Y5-701TV
 
Tool Versions:
Toolchain:       MDK-ARM Professional  Version: 5.37.0.0
Toolchain Path:  D:\keil5_32\Core\ARM\ARMCLANG\Bin
C Compiler:      ArmClang.exe V6.18
Assembler:       Armasm.exe V6.18
Linker/Locator:  ArmLink.exe V6.18
Library Manager: ArmAr.exe V6.18
Hex Converter:   FromElf.exe V6.18
CPU DLL:         SARMCM3.DLL V5.37.0.0
Dialog DLL:      DARMCM1.DLL V1.19.6.0
Target DLL:      CMSIS_AGDI.dll V1.33.12.0
Dialog DLL:      TARMCM1.DLL V1.14.6.0
 
<h2>Project:</h2>
D:\temp\Y2S1\电赛相关\MSPM0G3507\MSPM0G3507开发板\7.程序源码\3.keil环境基础案例（源码）\keil源码\工程模版 - 副本\MSPM0G3519_Project - 副本\keil\empty_LP_MSPM0G3519_nortos_keil.uvprojx
Project File Date:  07/16/2026

<h2>Output:</h2>
*** Using Compiler 'V6.18', folder: 'D:\keil5_32\Core\ARM\ARMCLANG\Bin'
Build target 'MSPM0G3519_Project'
compiling track.c...
compiling empty.c...
linking...
Program Size: Code=39236 RO-data=380 RW-data=124 ZI-data=980  
FromELF: creating hex file...
".\Objects\empty_LP_MSPM0G3519_nortos_keil.axf" - 0 Error(s), 0 Warning(s).

<h2>Software Packages used:</h2>

Package Vendor: TexasInstruments
                https://software-dl.ti.com/msp430/esd/MSPM0-CMSIS/MSPM0GX51X/latest/exports/TexasInstruments.MSPM0GX51X_DFP.1.0.0.pack
                TexasInstruments.MSPM0GX51X_DFP.1.0.0
                Device Family Pack for Texas Instruments MSPM0GX51X Series

<h2>Collection of Component include folders:</h2>

<h2>Collection of Component Files used:</h2>
Build Time Elapsed:  00:00:02
</pre>
</body>
</html>
